/bin/sh: 1: /root/minecraft-1.20.1/backup.sh: Permission denied
Stopping Minecraft server...
No Sockets found in /run/screen/S-root.

Pushing changes to Git...
[main 2159ba3] Daily backup 2025-09-10 12:13
 32 files changed, 1323 insertions(+), 1347 deletions(-)
 delete mode 100644 .backup.sh.swp
 create mode 100644 logs/2025-09-10-6.log.gz
To https://github.com/Mazri02/MinecraftServer.git
   52e7bfb..2159ba3  main -> main
Restarting Minecraft server...
Stopping Minecraft server...
No screen session found.
No Sockets found in /run/screen/S-root.

Pushing changes to Git...
[main c50d573] Daily backup 2025-09-10 12:14
 1 file changed, 12 insertions(+)
To https://github.com/Mazri02/MinecraftServer.git
   2159ba3..c50d573  main -> main
Restarting Minecraft server...
Stopping Minecraft server...
There is a screen on:
	558665.minecraft	(09/10/25 12:14:42)	(Detached)
1 Socket in /run/screen/S-root.
Pushing changes to Git...
[main b1128a7] Daily backup 2025-09-10 12:15
 18 files changed, 1243 insertions(+), 1315 deletions(-)
 create mode 100644 logs/2025-09-10-7.log.gz
To https://github.com/Mazri02/MinecraftServer.git
   c50d573..b1128a7  main -> main
Restarting Minecraft server...
Stopping Minecraft server...
No screen session found.
No Sockets found in /run/screen/S-root.

Pushing changes to Git...
